Archive member included to satisfy reference by file (symbol)

c:/program files/microchip/xc32/v4.35/bin/bin/../../lib/gcc/pic32c/8.3.1/../../../../pic32c/lib/thumb/v6-m/nofp\libpic32c.a(data_init.o)
                              build/default/debug/_ext/1171490990/startup_xc32.o (__pic32c_data_initialization)
c:/program files/microchip/xc32/v4.35/bin/bin/../../lib/gcc/pic32c/8.3.1/../../../../pic32c/lib/thumb/v6-m/nofp\libg-musl.a(__libc_start_main.o)
                              build/default/debug/_ext/1171490990/startup_xc32.o (__libc_init_array)
c:/program files/microchip/xc32/v4.35/bin/bin/../../lib/gcc/pic32c/8.3.1/../../../../pic32c/lib/thumb/v6-m/nofp\libg-musl.a(libc.o)
                              c:/program files/microchip/xc32/v4.35/bin/bin/../../lib/gcc/pic32c/8.3.1/../../../../pic32c/lib/thumb/v6-m/nofp\libg-musl.a(__libc_start_main.o) (__progname_full)
c:/program files/microchip/xc32/v4.35/bin/bin/../../lib/gcc/pic32c/8.3.1/../../../../pic32c/lib/thumb/v6-m/nofp\libg-musl.a(memcpy.o)
                              build/default/debug/_ext/1593096446/plib_nvmctrl.o (memcpy)
c:/program files/microchip/xc32/v4.35/bin/bin/../../lib/gcc/pic32c/8.3.1/../../../../pic32c/lib/thumb/v6-m/nofp\libg-musl.a(__environ.o)
                              c:/program files/microchip/xc32/v4.35/bin/bin/../../lib/gcc/pic32c/8.3.1/../../../../pic32c/lib/thumb/v6-m/nofp\libg-musl.a(__libc_start_main.o) (__environ)
c:/program files/microchip/xc32/v4.35/bin/bin/../../lib/gcc/pic32c/8.3.1/../../../../pic32c/lib/thumb/v6-m/nofp\libpic32c.a(pic32_data_init_clear.o)
                              (__dinit_clear_needed)
c:/program files/microchip/xc32/v4.35/bin/bin/../../lib/gcc/pic32c/8.3.1/../../../../pic32c/lib/thumb/v6-m/nofp\libpic32c.a(pic32_data_init_copy.o)
                              (__dinit_copy_needed)

Microchip PIC32 Memory-Usage Report

ROM Program-Memory Usage
section                    address  length [bytes]      (dec)  Description
-------                 ----------  -------------------------  -----------
.vectors                         0           0xb0         176   
.text                         0xb0           0x20          32  App's exec code 
.text.CLOCK_Initialize        0xd0           0x94         148   
.text.__libc_start_init      0x164           0x5c          92   
.text.__pic32c_data_ini      0x1c0           0x4c          76   
.text                        0x20c           0x48          72  App's exec code 
.text.Reset_Handler          0x254           0x48          72   
.dinit                       0x29c           0x30          48   
.text.PM_Initialize          0x2cc           0x2e          46   
.text.EVSYS_Initialize       0x2fa            0x2           2   
.text.SYS_Initialize         0x2fc           0x2c          44   
.text.CCL_Initialize         0x328           0x24          36   
.text.__dinit_copy           0x34c           0x1e          30   
.text.Dummy_Handler          0x36a            0x2           2   
.text.PORT_Initialize        0x36c           0x1c          28   
.text.main                   0x388           0x18          24   
.rodata                      0x3a0           0x14          20  Read-only const 
.text.__dinit_clear          0x3b4           0x12          18   
.text.Dummy_App_Func         0x3c6            0x2           2   
.text.NVMCTRL_Initializ      0x3c8            0xc          12   
.text.NVIC_Initialize        0x3d4            0x8           8   
.text.NonMaskableInt_Ha      0x3dc            0x4           4   
.text.HardFault_Handler      0x3e0            0x4           4   
.text.__dummy_decompres      0x3e4            0x4           4   
.text.__dummy                0x3e8            0x2           2   
      Total ROM used  :       0x3ea        1002  0.4% of 0x40000
        --------------------------------------------------------------------------
         Total Program Memory used  :       0x3ea        1002  0.4% of 0x40000
        --------------------------------------------------------------------------


RAM Data-Memory Usage
section                    address  length [bytes]      (dec)  Description
-------                 ----------  -------------------------  -----------
.bss                    0x20000000           0x50          80  Uninitialized data 
.bss                    0x20000050           0x1c          28  Uninitialized data 
.bss                    0x2000006c            0x4           4  Uninitialized data 
.bss                    0x20000070            0x4           4  Uninitialized data 
         Total RAM used  :        0x74         116  0.4% of 0x8000
        --------------------------------------------------------------------------
            Total Data Memory used  :        0x74         116  0.4% of 0x8000
        --------------------------------------------------------------------------


Dynamic Data-Memory Reservation
section                    address  length [bytes]      (dec)  Description
-------                 ----------  -------------------------  -----------
heap                    0x20000078          0x200         512  Reserved for heap 
stack                   0x20000290         0x7d60       32096  Reserved for stack 

        --------------------------------------------------------------------------

Microchip PIC32 Memory-Usage Report By Module

        text        data         bss         dec         hex    basename                   filename
--------------------------------------------------------------------------------
         178           0           0         178          b2    interrupts.o           build/default/debug/_ext/1171490990/interrupts.o
         148           0           0         148          94    plib_clock.o           build/default/debug/_ext/1984496892/plib_clock.o
          80           0          28         108          6c    crtbegin.o             c:/program files/microchip/xc32/v4.35/bin/bin/../../lib/gcc/pic32c/8.3.1/thumb/v6-m/nofp/crtbegin.o
         100           0           4         104          68    data_init.o            libpic32c.a
          94           0           0          94          5e    __libc_start_main.o    libg-musl.a
           0           0          80          80          50    libc.o                 libg-musl.a
          74           0           0          74          4a    startup_xc32.o         build/default/debug/_ext/1171490990/startup_xc32.o
          52           0           0          52          34    initialization.o       build/default/debug/_ext/1171490990/initialization.o
          48           0           0          48          30    data_init              data_init
          46           0           0          46          2e    plib_pm.o              build/default/debug/_ext/829342769/plib_pm.o
          36           0           0          36          24    plib_ccl.o             build/default/debug/_ext/60165242/plib_ccl.o
          30           0           0          30          1e    pic32_data_init_copy.o libpic32c.a
          28           0           0          28          1c    plib_port.o            build/default/debug/_ext/1865521619/plib_port.o
          24           0           0          24          18    main.o                 build/default/debug/_ext/1360937237/main.o
          18           0           0          18          12    pic32_data_init_clear.olibpic32c.a
          16           0           0          16          10    crtn.o                 c:/program files/microchip/xc32/v4.35/bin/bin/../../lib/gcc/pic32c/8.3.1/thumb/v6-m/nofp/crtn.o
          12           0           0          12           c    plib_nvmctrl.o         build/default/debug/_ext/1593096446/plib_nvmctrl.o
           8           0           0           8           8    exceptions.o           build/default/debug/_ext/1171490990/exceptions.o
           8           0           0           8           8    plib_nvic.o            build/default/debug/_ext/1865468468/plib_nvic.o
           8           0           0           8           8    crti.o                 c:/program files/microchip/xc32/v4.35/bin/bin/../../lib/gcc/pic32c/8.3.1/thumb/v6-m/nofp/crti.o
           0           0           4           4           4    __environ.o            libg-musl.a
           2           0           0           2           2    plib_evsys.o           build/default/debug/_ext/1986646378/plib_evsys.o
--------------------------------------------------------------------------------
        1010           0         116        1126         466    dist/default/debug/ccl_test_l21.X.debug.elf


Discarded input sections

 .text          0x00000000        0x0 c:/program files/microchip/xc32/v4.35/bin/bin/../../lib/gcc/pic32c/8.3.1/thumb/v6-m/nofp/crti.o
 .data          0x00000000        0x0 c:/program files/microchip/xc32/v4.35/bin/bin/../../lib/gcc/pic32c/8.3.1/thumb/v6-m/nofp/crti.o
 .bss           0x00000000        0x0 c:/program files/microchip/xc32/v4.35/bin/bin/../../lib/gcc/pic32c/8.3.1/thumb/v6-m/nofp/crti.o
 .xc_stack_usage.hdr
                0x00000000        0xe c:/program files/microchip/xc32/v4.35/bin/bin/../../lib/gcc/pic32c/8.3.1/thumb/v6-m/nofp/crti.o
 .xc_stack_usage
                0x00000000       0x26 c:/program files/microchip/xc32/v4.35/bin/bin/../../lib/gcc/pic32c/8.3.1/thumb/v6-m/nofp/crti.o
 .data          0x00000000        0x4 c:/program files/microchip/xc32/v4.35/bin/bin/../../lib/gcc/pic32c/8.3.1/thumb/v6-m/nofp/crtbegin.o
 .xc_stack_usage
                0x00000000       0x3c c:/program files/microchip/xc32/v4.35/bin/bin/../../lib/gcc/pic32c/8.3.1/thumb/v6-m/nofp/crtbegin.o
 .xc_stack_usage.hdr
                0x00000000        0xe c:/program files/microchip/xc32/v4.35/bin/bin/../../lib/gcc/pic32c/8.3.1/thumb/v6-m/nofp/crtbegin.o
 .text          0x00000000        0x0 build/default/debug/_ext/163028504/xc32_monitor.o
 .data          0x00000000        0x0 build/default/debug/_ext/163028504/xc32_monitor.o
 .bss           0x00000000        0x0 build/default/debug/_ext/163028504/xc32_monitor.o
 .text.read     0x00000000        0x6 build/default/debug/_ext/163028504/xc32_monitor.o
 .text.write    0x00000000        0x6 build/default/debug/_ext/163028504/xc32_monitor.o
 .debug_info    0x00000000      0x318 build/default/debug/_ext/163028504/xc32_monitor.o
 .debug_abbrev  0x00000000       0x96 build/default/debug/_ext/163028504/xc32_monitor.o
 .debug_loc     0x00000000       0x4a build/default/debug/_ext/163028504/xc32_monitor.o
 .debug_aranges
                0x00000000       0x28 build/default/debug/_ext/163028504/xc32_monitor.o
 .debug_ranges  0x00000000       0x18 build/default/debug/_ext/163028504/xc32_monitor.o
 .debug_line    0x00000000       0xce build/default/debug/_ext/163028504/xc32_monitor.o
 .debug_str     0x00000000        0x0 build/default/debug/_ext/163028504/xc32_monitor.o
 .comment       0x00000000       0x2c build/default/debug/_ext/163028504/xc32_monitor.o
 .debug_frame   0x00000000       0x30 build/default/debug/_ext/163028504/xc32_monitor.o
 .ARM.attributes
                0x00000000       0x2c build/default/debug/_ext/163028504/xc32_monitor.o
 .text          0x00000000        0x0 build/default/debug/_ext/1865468468/plib_nvic.o
 .data          0x00000000        0x0 build/default/debug/_ext/1865468468/plib_nvic.o
 .bss           0x00000000        0x0 build/default/debug/_ext/1865468468/plib_nvic.o
 .text.NVIC_INT_Enable
                0x00000000        0x8 build/default/debug/_ext/1865468468/plib_nvic.o
 .text.NVIC_INT_Disable
                0x00000000       0x12 build/default/debug/_ext/1865468468/plib_nvic.o
 .text.NVIC_INT_Restore
                0x00000000       0x14 build/default/debug/_ext/1865468468/plib_nvic.o
 .text          0x00000000        0x0 build/default/debug/_ext/829342769/plib_pm.o
 .data          0x00000000        0x0 build/default/debug/_ext/829342769/plib_pm.o
 .bss           0x00000000        0x0 build/default/debug/_ext/829342769/plib_pm.o
 .text.PM_IdleModeEnter
                0x00000000       0x14 build/default/debug/_ext/829342769/plib_pm.o
 .text.PM_StandbyModeEnter
                0x00000000       0x14 build/default/debug/_ext/829342769/plib_pm.o
 .text.PM_BackupModeEnter
                0x00000000       0x14 build/default/debug/_ext/829342769/plib_pm.o
 .text.PM_OffModeEnter
                0x00000000       0x14 build/default/debug/_ext/829342769/plib_pm.o
 .text.PM_IO_RetentionSet
                0x00000000        0xe build/default/debug/_ext/829342769/plib_pm.o
 .text.PM_IO_RetentionClear
                0x00000000        0xe build/default/debug/_ext/829342769/plib_pm.o
 .text.PM_ConfigurePerformanceLevel
                0x00000000       0x3e build/default/debug/_ext/829342769/plib_pm.o
 .text          0x00000000        0x0 build/default/debug/_ext/1984496892/plib_clock.o
 .data          0x00000000        0x0 build/default/debug/_ext/1984496892/plib_clock.o
 .bss           0x00000000        0x0 build/default/debug/_ext/1984496892/plib_clock.o
 .text          0x00000000        0x0 build/default/debug/_ext/1171490990/initialization.o
 .data          0x00000000        0x0 build/default/debug/_ext/1171490990/initialization.o
 .bss           0x00000000        0x0 build/default/debug/_ext/1171490990/initialization.o
 .text          0x00000000        0x0 build/default/debug/_ext/1171490990/libc_syscalls.o
 .data          0x00000000        0x0 build/default/debug/_ext/1171490990/libc_syscalls.o
 .bss           0x00000000        0x0 build/default/debug/_ext/1171490990/libc_syscalls.o
 .text._exit    0x00000000        0x4 build/default/debug/_ext/1171490990/libc_syscalls.o
 .debug_info    0x00000000      0x2f9 build/default/debug/_ext/1171490990/libc_syscalls.o
 .debug_abbrev  0x00000000       0x4f build/default/debug/_ext/1171490990/libc_syscalls.o
 .debug_aranges
                0x00000000       0x20 build/default/debug/_ext/1171490990/libc_syscalls.o
 .debug_ranges  0x00000000       0x10 build/default/debug/_ext/1171490990/libc_syscalls.o
 .debug_line    0x00000000       0x5c build/default/debug/_ext/1171490990/libc_syscalls.o
 .debug_str     0x00000000        0x0 build/default/debug/_ext/1171490990/libc_syscalls.o
 .comment       0x00000000       0x2c build/default/debug/_ext/1171490990/libc_syscalls.o
 .debug_frame   0x00000000       0x20 build/default/debug/_ext/1171490990/libc_syscalls.o
 .ARM.attributes
                0x00000000       0x2c build/default/debug/_ext/1171490990/libc_syscalls.o
 .text          0x00000000        0x0 build/default/debug/_ext/1865521619/plib_port.o
 .data          0x00000000        0x0 build/default/debug/_ext/1865521619/plib_port.o
 .bss           0x00000000        0x0 build/default/debug/_ext/1865521619/plib_port.o
 .text.PORT_GroupRead
                0x00000000        0x4 build/default/debug/_ext/1865521619/plib_port.o
 .text.PORT_GroupWrite
                0x00000000        0xc build/default/debug/_ext/1865521619/plib_port.o
 .text.PORT_GroupLatchRead
                0x00000000        0x4 build/default/debug/_ext/1865521619/plib_port.o
 .text.PORT_GroupSet
                0x00000000        0x4 build/default/debug/_ext/1865521619/plib_port.o
 .text.PORT_GroupClear
                0x00000000        0x4 build/default/debug/_ext/1865521619/plib_port.o
 .text.PORT_GroupToggle
                0x00000000        0x4 build/default/debug/_ext/1865521619/plib_port.o
 .text.PORT_GroupInputEnable
                0x00000000        0x4 build/default/debug/_ext/1865521619/plib_port.o
 .text.PORT_GroupOutputEnable
                0x00000000        0x4 build/default/debug/_ext/1865521619/plib_port.o
 .text.PORT_PinPeripheralFunctionConfig
                0x00000000       0x48 build/default/debug/_ext/1865521619/plib_port.o
 .text.PORT_PinGPIOConfig
                0x00000000       0x20 build/default/debug/_ext/1865521619/plib_port.o
 .text          0x00000000        0x0 build/default/debug/_ext/60165242/plib_ccl.o
 .data          0x00000000        0x0 build/default/debug/_ext/60165242/plib_ccl.o
 .bss           0x00000000        0x0 build/default/debug/_ext/60165242/plib_ccl.o
 .text          0x00000000        0x0 build/default/debug/_ext/1171490990/exceptions.o
 .data          0x00000000        0x0 build/default/debug/_ext/1171490990/exceptions.o
 .bss           0x00000000        0x0 build/default/debug/_ext/1171490990/exceptions.o
 .text          0x00000000        0x0 build/default/debug/_ext/1360937237/main.o
 .data          0x00000000        0x0 build/default/debug/_ext/1360937237/main.o
 .bss           0x00000000        0x0 build/default/debug/_ext/1360937237/main.o
 .text          0x00000000        0x0 build/default/debug/_ext/1986646378/plib_evsys.o
 .data          0x00000000        0x0 build/default/debug/_ext/1986646378/plib_evsys.o
 .bss           0x00000000        0x0 build/default/debug/_ext/1986646378/plib_evsys.o
 .text          0x00000000        0x0 build/default/debug/_ext/1593096446/plib_nvmctrl.o
 .data          0x00000000        0x0 build/default/debug/_ext/1593096446/plib_nvmctrl.o
 .bss           0x00000000        0x0 build/default/debug/_ext/1593096446/plib_nvmctrl.o
 .text.NVMCTRL_CacheInvalidate
                0x00000000       0x10 build/default/debug/_ext/1593096446/plib_nvmctrl.o
 .text.NVMCTRL_RWWEEPROM_Read
                0x00000000       0x10 build/default/debug/_ext/1593096446/plib_nvmctrl.o
 .text.NVMCTRL_RWWEEPROM_PageWrite
                0x00000000       0x28 build/default/debug/_ext/1593096446/plib_nvmctrl.o
 .text.NVMCTRL_RWWEEPROM_RowErase
                0x00000000       0x18 build/default/debug/_ext/1593096446/plib_nvmctrl.o
 .text.NVMCTRL_Read
                0x00000000       0x10 build/default/debug/_ext/1593096446/plib_nvmctrl.o
 .text.NVMCTRL_PageBufferWrite
                0x00000000       0x14 build/default/debug/_ext/1593096446/plib_nvmctrl.o
 .text.NVMCTRL_PageBufferCommit
                0x00000000       0x30 build/default/debug/_ext/1593096446/plib_nvmctrl.o
 .text.NVMCTRL_PageWrite
                0x00000000       0x28 build/default/debug/_ext/1593096446/plib_nvmctrl.o
 .text.NVMCTRL_RowErase
                0x00000000       0x18 build/default/debug/_ext/1593096446/plib_nvmctrl.o
 .text.NVMCTRL_USER_ROW_PageWrite
                0x00000000       0x38 build/default/debug/_ext/1593096446/plib_nvmctrl.o
 .text.NVMCTRL_USER_ROW_RowErase
                0x00000000       0x2c build/default/debug/_ext/1593096446/plib_nvmctrl.o
 .text.NVMCTRL_ErrorGet
                0x00000000       0x18 build/default/debug/_ext/1593096446/plib_nvmctrl.o
 .text.NVMCTRL_IsBusy
                0x00000000       0x14 build/default/debug/_ext/1593096446/plib_nvmctrl.o
 .text.NVMCTRL_RegionLock
                0x00000000       0x14 build/default/debug/_ext/1593096446/plib_nvmctrl.o
 .text.NVMCTRL_RegionUnlock
                0x00000000       0x14 build/default/debug/_ext/1593096446/plib_nvmctrl.o
 .text.NVMCTRL_SecurityBitSet
                0x00000000       0x10 build/default/debug/_ext/1593096446/plib_nvmctrl.o
 .text          0x00000000        0x0 build/default/debug/_ext/1171490990/interrupts.o
 .data          0x00000000        0x0 build/default/debug/_ext/1171490990/interrupts.o
 .bss           0x00000000        0x0 build/default/debug/_ext/1171490990/interrupts.o
 .text          0x00000000        0x0 build/default/debug/_ext/1171490990/startup_xc32.o
 .data          0x00000000        0x0 build/default/debug/_ext/1171490990/startup_xc32.o
 .bss           0x00000000        0x0 build/default/debug/_ext/1171490990/startup_xc32.o
 .text          0x00000000        0x0 c:/program files/microchip/xc32/v4.35/bin/bin/../../lib/gcc/pic32c/8.3.1/../../../../pic32c/lib/thumb/v6-m/nofp\libpic32c.a(data_init.o)
 .data          0x00000000        0x0 c:/program files/microchip/xc32/v4.35/bin/bin/../../lib/gcc/pic32c/8.3.1/../../../../pic32c/lib/thumb/v6-m/nofp\libpic32c.a(data_init.o)
 .xc_stack_usage
                0x00000000       0x4a c:/program files/microchip/xc32/v4.35/bin/bin/../../lib/gcc/pic32c/8.3.1/../../../../pic32c/lib/thumb/v6-m/nofp\libpic32c.a(data_init.o)
 .xc_stack_usage.hdr
                0x00000000        0xe c:/program files/microchip/xc32/v4.35/bin/bin/../../lib/gcc/pic32c/8.3.1/../../../../pic32c/lib/thumb/v6-m/nofp\libpic32c.a(data_init.o)
 .text          0x00000000        0x0 c:/program files/microchip/xc32/v4.35/bin/bin/../../lib/gcc/pic32c/8.3.1/../../../../pic32c/lib/thumb/v6-m/nofp\libg-musl.a(__libc_start_main.o)
 .data          0x00000000        0x0 c:/program files/microchip/xc32/v4.35/bin/bin/../../lib/gcc/pic32c/8.3.1/../../../../pic32c/lib/thumb/v6-m/nofp\libg-musl.a(__libc_start_main.o)
 .bss           0x00000000        0x0 c:/program files/microchip/xc32/v4.35/bin/bin/../../lib/gcc/pic32c/8.3.1/../../../../pic32c/lib/thumb/v6-m/nofp\libg-musl.a(__libc_start_main.o)
 .xc_stack_usage
                0x00000000       0x34 c:/program files/microchip/xc32/v4.35/bin/bin/../../lib/gcc/pic32c/8.3.1/../../../../pic32c/lib/thumb/v6-m/nofp\libg-musl.a(__libc_start_main.o)
 .xc_stack_usage.hdr
                0x00000000        0xe c:/program files/microchip/xc32/v4.35/bin/bin/../../lib/gcc/pic32c/8.3.1/../../../../pic32c/lib/thumb/v6-m/nofp\libg-musl.a(__libc_start_main.o)
 .text          0x00000000        0x0 c:/program files/microchip/xc32/v4.35/bin/bin/../../lib/gcc/pic32c/8.3.1/../../../../pic32c/lib/thumb/v6-m/nofp\libg-musl.a(libc.o)
 .data          0x00000000        0x0 c:/program files/microchip/xc32/v4.35/bin/bin/../../lib/gcc/pic32c/8.3.1/../../../../pic32c/lib/thumb/v6-m/nofp\libg-musl.a(libc.o)
 .xc_stack_usage.hdr
                0x00000000        0xe c:/program files/microchip/xc32/v4.35/bin/bin/../../lib/gcc/pic32c/8.3.1/../../../../pic32c/lib/thumb/v6-m/nofp\libg-musl.a(libc.o)
 .text          0x00000000        0x0 c:/program files/microchip/xc32/v4.35/bin/bin/../../lib/gcc/pic32c/8.3.1/../../../../pic32c/lib/thumb/v6-m/nofp\libg-musl.a(memcpy.o)
 .data          0x00000000        0x0 c:/program files/microchip/xc32/v4.35/bin/bin/../../lib/gcc/pic32c/8.3.1/../../../../pic32c/lib/thumb/v6-m/nofp\libg-musl.a(memcpy.o)
 .bss           0x00000000        0x0 c:/program files/microchip/xc32/v4.35/bin/bin/../../lib/gcc/pic32c/8.3.1/../../../../pic32c/lib/thumb/v6-m/nofp\libg-musl.a(memcpy.o)
 .xc_stack_usage
                0x00000000       0x14 c:/program files/microchip/xc32/v4.35/bin/bin/../../lib/gcc/pic32c/8.3.1/../../../../pic32c/lib/thumb/v6-m/nofp\libg-musl.a(memcpy.o)
 .text.memcpy   0x00000000       0x14 c:/program files/microchip/xc32/v4.35/bin/bin/../../lib/gcc/pic32c/8.3.1/../../../../pic32c/lib/thumb/v6-m/nofp\libg-musl.a(memcpy.o)
 .xc_stack_usage.hdr
                0x00000000        0xe c:/program files/microchip/xc32/v4.35/bin/bin/../../lib/gcc/pic32c/8.3.1/../../../../pic32c/lib/thumb/v6-m/nofp\libg-musl.a(memcpy.o)
 .debug_info    0x00000000      0x2e8 c:/program files/microchip/xc32/v4.35/bin/bin/../../lib/gcc/pic32c/8.3.1/../../../../pic32c/lib/thumb/v6-m/nofp\libg-musl.a(memcpy.o)
 .debug_abbrev  0x00000000       0x9c c:/program files/microchip/xc32/v4.35/bin/bin/../../lib/gcc/pic32c/8.3.1/../../../../pic32c/lib/thumb/v6-m/nofp\libg-musl.a(memcpy.o)
 .debug_loc     0x00000000      0x12d c:/program files/microchip/xc32/v4.35/bin/bin/../../lib/gcc/pic32c/8.3.1/../../../../pic32c/lib/thumb/v6-m/nofp\libg-musl.a(memcpy.o)
 .debug_aranges
                0x00000000       0x20 c:/program files/microchip/xc32/v4.35/bin/bin/../../lib/gcc/pic32c/8.3.1/../../../../pic32c/lib/thumb/v6-m/nofp\libg-musl.a(memcpy.o)
 .debug_ranges  0x00000000       0x10 c:/program files/microchip/xc32/v4.35/bin/bin/../../lib/gcc/pic32c/8.3.1/../../../../pic32c/lib/thumb/v6-m/nofp\libg-musl.a(memcpy.o)
 .debug_line    0x00000000       0xf1 c:/program files/microchip/xc32/v4.35/bin/bin/../../lib/gcc/pic32c/8.3.1/../../../../pic32c/lib/thumb/v6-m/nofp\libg-musl.a(memcpy.o)
 .debug_str     0x00000000        0x0 c:/program files/microchip/xc32/v4.35/bin/bin/../../lib/gcc/pic32c/8.3.1/../../../../pic32c/lib/thumb/v6-m/nofp\libg-musl.a(memcpy.o)
 .comment       0x00000000       0x2c c:/program files/microchip/xc32/v4.35/bin/bin/../../lib/gcc/pic32c/8.3.1/../../../../pic32c/lib/thumb/v6-m/nofp\libg-musl.a(memcpy.o)
 .note.GNU-stack
                0x00000000        0x0 c:/program files/microchip/xc32/v4.35/bin/bin/../../lib/gcc/pic32c/8.3.1/../../../../pic32c/lib/thumb/v6-m/nofp\libg-musl.a(memcpy.o)
 .debug_frame   0x00000000       0x28 c:/program files/microchip/xc32/v4.35/bin/bin/../../lib/gcc/pic32c/8.3.1/../../../../pic32c/lib/thumb/v6-m/nofp\libg-musl.a(memcpy.o)
 .ARM.attributes
                0x00000000       0x2e c:/program files/microchip/xc32/v4.35/bin/bin/../../lib/gcc/pic32c/8.3.1/../../../../pic32c/lib/thumb/v6-m/nofp\libg-musl.a(memcpy.o)
 .text          0x00000000        0x0 c:/program files/microchip/xc32/v4.35/bin/bin/../../lib/gcc/pic32c/8.3.1/../../../../pic32c/lib/thumb/v6-m/nofp\libg-musl.a(__environ.o)
 .data          0x00000000        0x0 c:/program files/microchip/xc32/v4.35/bin/bin/../../lib/gcc/pic32c/8.3.1/../../../../pic32c/lib/thumb/v6-m/nofp\libg-musl.a(__environ.o)
 .xc_stack_usage.hdr
                0x00000000        0xe c:/program files/microchip/xc32/v4.35/bin/bin/../../lib/gcc/pic32c/8.3.1/../../../../pic32c/lib/thumb/v6-m/nofp\libg-musl.a(__environ.o)
 .text          0x00000000        0x0 c:/program files/microchip/xc32/v4.35/bin/bin/../../lib/gcc/pic32c/8.3.1/thumb/v6-m/nofp/crtend.o
 .data          0x00000000        0x0 c:/program files/microchip/xc32/v4.35/bin/bin/../../lib/gcc/pic32c/8.3.1/thumb/v6-m/nofp/crtend.o
 .bss           0x00000000        0x0 c:/program files/microchip/xc32/v4.35/bin/bin/../../lib/gcc/pic32c/8.3.1/thumb/v6-m/nofp/crtend.o
 .eh_frame      0x00000000        0x4 c:/program files/microchip/xc32/v4.35/bin/bin/../../lib/gcc/pic32c/8.3.1/thumb/v6-m/nofp/crtend.o
 .xc_stack_usage.hdr
                0x00000000        0xe c:/program files/microchip/xc32/v4.35/bin/bin/../../lib/gcc/pic32c/8.3.1/thumb/v6-m/nofp/crtend.o
 .comment       0x00000000       0x2c c:/program files/microchip/xc32/v4.35/bin/bin/../../lib/gcc/pic32c/8.3.1/thumb/v6-m/nofp/crtend.o
 .ARM.attributes
                0x00000000       0x2c c:/program files/microchip/xc32/v4.35/bin/bin/../../lib/gcc/pic32c/8.3.1/thumb/v6-m/nofp/crtend.o
 .text          0x00000000        0x0 c:/program files/microchip/xc32/v4.35/bin/bin/../../lib/gcc/pic32c/8.3.1/thumb/v6-m/nofp/crtn.o
 .data          0x00000000        0x0 c:/program files/microchip/xc32/v4.35/bin/bin/../../lib/gcc/pic32c/8.3.1/thumb/v6-m/nofp/crtn.o
 .bss           0x00000000        0x0 c:/program files/microchip/xc32/v4.35/bin/bin/../../lib/gcc/pic32c/8.3.1/thumb/v6-m/nofp/crtn.o
 .xc_stack_usage.hdr
                0x00000000        0xe c:/program files/microchip/xc32/v4.35/bin/bin/../../lib/gcc/pic32c/8.3.1/thumb/v6-m/nofp/crtn.o
 .text          0x00000000        0x0 c:/program files/microchip/xc32/v4.35/bin/bin/../../lib/gcc/pic32c/8.3.1/../../../../pic32c/lib/thumb/v6-m/nofp\libpic32c.a(pic32_data_init_clear.o)
 .data          0x00000000        0x0 c:/program files/microchip/xc32/v4.35/bin/bin/../../lib/gcc/pic32c/8.3.1/../../../../pic32c/lib/thumb/v6-m/nofp\libpic32c.a(pic32_data_init_clear.o)
 .bss           0x00000000        0x0 c:/program files/microchip/xc32/v4.35/bin/bin/../../lib/gcc/pic32c/8.3.1/../../../../pic32c/lib/thumb/v6-m/nofp\libpic32c.a(pic32_data_init_clear.o)
 .xc_stack_usage
                0x00000000       0x1b c:/program files/microchip/xc32/v4.35/bin/bin/../../lib/gcc/pic32c/8.3.1/../../../../pic32c/lib/thumb/v6-m/nofp\libpic32c.a(pic32_data_init_clear.o)
 .xc_stack_usage.hdr
                0x00000000        0xe c:/program files/microchip/xc32/v4.35/bin/bin/../../lib/gcc/pic32c/8.3.1/../../../../pic32c/lib/thumb/v6-m/nofp\libpic32c.a(pic32_data_init_clear.o)
 .text          0x00000000        0x0 c:/program files/microchip/xc32/v4.35/bin/bin/../../lib/gcc/pic32c/8.3.1/../../../../pic32c/lib/thumb/v6-m/nofp\libpic32c.a(pic32_data_init_copy.o)
 .data          0x00000000        0x0 c:/program files/microchip/xc32/v4.35/bin/bin/../../lib/gcc/pic32c/8.3.1/../../../../pic32c/lib/thumb/v6-m/nofp\libpic32c.a(pic32_data_init_copy.o)
 .bss           0x00000000        0x0 c:/program files/microchip/xc32/v4.35/bin/bin/../../lib/gcc/pic32c/8.3.1/../../../../pic32c/lib/thumb/v6-m/nofp\libpic32c.a(pic32_data_init_copy.o)
 .xc_stack_usage
                0x00000000       0x1a c:/program files/microchip/xc32/v4.35/bin/bin/../../lib/gcc/pic32c/8.3.1/../../../../pic32c/lib/thumb/v6-m/nofp\libpic32c.a(pic32_data_init_copy.o)
 .xc_stack_usage.hdr
                0x00000000        0xe c:/program files/microchip/xc32/v4.35/bin/bin/../../lib/gcc/pic32c/8.3.1/../../../../pic32c/lib/thumb/v6-m/nofp\libpic32c.a(pic32_data_init_copy.o)

Memory Configuration

Name             Origin             Length             Attributes
rom              0x00000000         0x00040000         xrl
ram              0x20000000         0x00008000         xw !r
lpram            0x30000000         0x00002000         xw !r
config_00804000  0x00804000         0x00000004
config_00804004  0x00804004         0x00000004
*default*        0x00000000         0xffffffff

Linker script and memory map

LOAD c:/program files/microchip/xc32/v4.35/bin/bin/../../lib/gcc/pic32c/8.3.1/thumb/v6-m/nofp/crti.o
LOAD c:/program files/microchip/xc32/v4.35/bin/bin/../../lib/gcc/pic32c/8.3.1/thumb/v6-m/nofp/crtbegin.o
LOAD build/default/debug/_ext/163028504/xc32_monitor.o
LOAD build/default/debug/_ext/1865468468/plib_nvic.o
LOAD build/default/debug/_ext/829342769/plib_pm.o
LOAD build/default/debug/_ext/1984496892/plib_clock.o
LOAD build/default/debug/_ext/1171490990/initialization.o
LOAD build/default/debug/_ext/1171490990/libc_syscalls.o
LOAD build/default/debug/_ext/1865521619/plib_port.o
LOAD build/default/debug/_ext/60165242/plib_ccl.o
LOAD build/default/debug/_ext/1171490990/exceptions.o
LOAD build/default/debug/_ext/1360937237/main.o
LOAD build/default/debug/_ext/1986646378/plib_evsys.o
LOAD build/default/debug/_ext/1593096446/plib_nvmctrl.o
LOAD build/default/debug/_ext/1171490990/interrupts.o
LOAD build/default/debug/_ext/1171490990/startup_xc32.o
                0x00000001                __MPLAB_BUILD = 0x1
                0x00040000                __rom_end = (ORIGIN (rom) + LENGTH (rom))
                0x20008000                __ram_end = (ORIGIN (ram) + LENGTH (ram))

.config_00804000
 *(.config_00804000)

.config_00804004
 *(.config_00804004)

.vectors        0x00000000       0xb0
                0x00000000                . = ALIGN (0x4)
                0x00000000                _sfixed = .
 *(.vectors .vectors.* .vectors_default .vectors_default.*)
 .vectors.exception_table
                0x00000000       0xb0 build/default/debug/_ext/1171490990/interrupts.o
                0x00000000                exception_table
 *(.isr_vector)
 *(.reset*)
 *(.after_vectors)

.text           0x000000b0       0x20
                0x000000b0                . = ALIGN (0x4)
 *(.glue_7t)
 .glue_7t       0x000000b0        0x0 linker stubs
 *(.glue_7)
 .glue_7        0x000000b0        0x0 linker stubs
 *(.gnu.linkonce.r.*)
 *(.ARM.extab* .gnu.linkonce.armextab.*)
                0x000000b0                . = ALIGN (0x4)
 *(.init)
 .init          0x000000b0        0x4 c:/program files/microchip/xc32/v4.35/bin/bin/../../lib/gcc/pic32c/8.3.1/thumb/v6-m/nofp/crti.o
                0x000000b0                _init
 .init          0x000000b4        0x8 c:/program files/microchip/xc32/v4.35/bin/bin/../../lib/gcc/pic32c/8.3.1/thumb/v6-m/nofp/crtn.o
                0x000000bc                . = ALIGN (0x4)
                0x000000bc                __preinit_array_start = .
 *(.preinit_array)
                0x000000bc                __preinit_array_end = .
                0x000000bc                . = ALIGN (0x4)
                0x000000bc                __init_array_start = .
 *(SORT_BY_NAME(.init_array.*))
 *(.init_array)
 .init_array    0x000000bc        0x4 c:/program files/microchip/xc32/v4.35/bin/bin/../../lib/gcc/pic32c/8.3.1/thumb/v6-m/nofp/crtbegin.o
                0x000000c0                __init_array_end = .
                0x000000c0                . = ALIGN (0x4)
 *crtbegin.o(.ctors)
 *(EXCLUDE_FILE(*crtend.o) .ctors)
 *(SORT_BY_NAME(.ctors.*))
 *crtend.o(.ctors)
                0x000000c0                . = ALIGN (0x4)
 *(.fini)
 .fini          0x000000c0        0x4 c:/program files/microchip/xc32/v4.35/bin/bin/../../lib/gcc/pic32c/8.3.1/thumb/v6-m/nofp/crti.o
                0x000000c0                _fini
 .fini          0x000000c4        0x8 c:/program files/microchip/xc32/v4.35/bin/bin/../../lib/gcc/pic32c/8.3.1/thumb/v6-m/nofp/crtn.o
                0x000000cc                . = ALIGN (0x4)
                0x000000cc                __fini_array_start = .
 *(.fini_array)
 .fini_array    0x000000cc        0x4 c:/program files/microchip/xc32/v4.35/bin/bin/../../lib/gcc/pic32c/8.3.1/thumb/v6-m/nofp/crtbegin.o
 *(SORT_BY_NAME(.fini_array.*))
                0x000000d0                __fini_array_end = .
 *crtbegin.o(.dtors)
 *(EXCLUDE_FILE(*crtend.o) .dtors)
 *(SORT_BY_NAME(.dtors.*))
 *crtend.o(.dtors)
                0x000000d0                . = ALIGN (0x4)
                0x000000d0                _efixed = .
                [!provide]                PROVIDE (__exidx_start = .)

.ARM.exidx
 *(.ARM.exidx* .gnu.linkonce.armexidx.*)
                [!provide]                PROVIDE (__exidx_end = .)
                0x000000d0                . = ALIGN (0x4)
                0x000000d0                _etext = .

.bss            0x20000000        0x0
                0x20000000                . = ALIGN (0x4)
                0x20000000                __bss_start__ = .
                0x20000000                _sbss = .
                0x20000000                _szero = .
 *(COMMON)
                0x20000000                . = ALIGN (0x4)
                0x20000000                __bss_end__ = .
                0x20000000                _ebss = .
                0x20000000                _ezero = .
                0x20000000                . = ALIGN (0x4)
                0x20000000                _end = .
                0x20007fff                _ram_end_ = ((ORIGIN (ram) + LENGTH (ram)) - 0x1)

.lpram_output   0x30000000        0x0
                0x30000000                . = ALIGN (0x4)
 *(.lpram .lpram.*)
                0x30000000                . = ALIGN (0x4)
                0x30000000                . = ALIGN (0x4)
                0x30001fff                _lpram_end_ = ((ORIGIN (lpram) + LENGTH (lpram)) - 0x1)
                0x00000001                __ICD2RAM = 0x1
                0x00000001                __MPLAB_DEBUG = 0x1
                0x00000001                __DEBUG = 0x1
                0x00000200                _min_heap_size = 0x200
START GROUP
LOAD c:/program files/microchip/xc32/v4.35/bin/bin/../../lib/gcc/pic32c/8.3.1/../../../../pic32c/lib/thumb/v6-m/nofp\libpic32c.a
LOAD c:/program files/microchip/xc32/v4.35/bin/bin/../../lib/gcc/pic32c/8.3.1/../../../../pic32c/lib/thumb/v6-m/nofp\libm-fast-emfloat.a
LOAD c:/program files/microchip/xc32/v4.35/bin/bin/../../lib/gcc/pic32c/8.3.1/../../../../pic32c/lib/thumb/v6-m/nofp\libg-musl.a
LOAD c:/program files/microchip/xc32/v4.35/bin/bin/../../lib/gcc/pic32c/8.3.1/../../../../pic32c/lib/thumb/v6-m/nofp\libc-musl.a
LOAD c:/program files/microchip/xc32/v4.35/bin/bin/../../lib/gcc/pic32c/8.3.1/../../../../pic32c/lib/thumb/v6-m/nofp\libm-fast-emfloat.a
LOAD c:/program files/microchip/xc32/v4.35/bin/bin/../../lib/gcc/pic32c/8.3.1/thumb/v6-m/nofp\libgcc.a
END GROUP
LOAD c:/program files/microchip/xc32/v4.35/bin/bin/../../lib/gcc/pic32c/8.3.1/thumb/v6-m/nofp/crtend.o
LOAD c:/program files/microchip/xc32/v4.35/bin/bin/../../lib/gcc/pic32c/8.3.1/thumb/v6-m/nofp/crtn.o
OUTPUT(dist/default/debug/ccl_test_l21.X.debug.elf elf32-littlearm)
LOAD data_init
LOAD stack

.ARM.attributes
                0x00000000       0x2c
 .ARM.attributes
                0x00000000       0x1e c:/program files/microchip/xc32/v4.35/bin/bin/../../lib/gcc/pic32c/8.3.1/thumb/v6-m/nofp/crti.o
 .ARM.attributes
                0x0000001e       0x2c c:/program files/microchip/xc32/v4.35/bin/bin/../../lib/gcc/pic32c/8.3.1/thumb/v6-m/nofp/crtbegin.o
 .ARM.attributes
                0x0000004a       0x2c build/default/debug/_ext/1865468468/plib_nvic.o
 .ARM.attributes
                0x00000076       0x2c build/default/debug/_ext/829342769/plib_pm.o
 .ARM.attributes
                0x000000a2       0x2c build/default/debug/_ext/1984496892/plib_clock.o
 .ARM.attributes
                0x000000ce       0x2c build/default/debug/_ext/1171490990/initialization.o
 .ARM.attributes
                0x000000fa       0x2c build/default/debug/_ext/1865521619/plib_port.o
 .ARM.attributes
                0x00000126       0x2c build/default/debug/_ext/60165242/plib_ccl.o
 .ARM.attributes
                0x00000152       0x2c build/default/debug/_ext/1171490990/exceptions.o
 .ARM.attributes
                0x0000017e       0x2c build/default/debug/_ext/1360937237/main.o
 .ARM.attributes
                0x000001aa       0x2c build/default/debug/_ext/1986646378/plib_evsys.o
 .ARM.attributes
                0x000001d6       0x2c build/default/debug/_ext/1593096446/plib_nvmctrl.o
 .ARM.attributes
                0x00000202       0x2c build/default/debug/_ext/1171490990/interrupts.o
 .ARM.attributes
                0x0000022e       0x2c build/default/debug/_ext/1171490990/startup_xc32.o
 .ARM.attributes
                0x0000025a       0x2c c:/program files/microchip/xc32/v4.35/bin/bin/../../lib/gcc/pic32c/8.3.1/../../../../pic32c/lib/thumb/v6-m/nofp\libpic32c.a(data_init.o)
 .ARM.attributes
                0x00000286       0x2e c:/program files/microchip/xc32/v4.35/bin/bin/../../lib/gcc/pic32c/8.3.1/../../../../pic32c/lib/thumb/v6-m/nofp\libg-musl.a(__libc_start_main.o)
 .ARM.attributes
                0x000002b4       0x2e c:/program files/microchip/xc32/v4.35/bin/bin/../../lib/gcc/pic32c/8.3.1/../../../../pic32c/lib/thumb/v6-m/nofp\libg-musl.a(libc.o)
 .ARM.attributes
                0x000002e2       0x2e c:/program files/microchip/xc32/v4.35/bin/bin/../../lib/gcc/pic32c/8.3.1/../../../../pic32c/lib/thumb/v6-m/nofp\libg-musl.a(__environ.o)
 .ARM.attributes
                0x00000310       0x1e c:/program files/microchip/xc32/v4.35/bin/bin/../../lib/gcc/pic32c/8.3.1/thumb/v6-m/nofp/crtn.o
 .ARM.attributes
                0x0000032e       0x2c c:/program files/microchip/xc32/v4.35/bin/bin/../../lib/gcc/pic32c/8.3.1/../../../../pic32c/lib/thumb/v6-m/nofp\libpic32c.a(pic32_data_init_clear.o)
 .ARM.attributes
                0x0000035a       0x2c c:/program files/microchip/xc32/v4.35/bin/bin/../../lib/gcc/pic32c/8.3.1/../../../../pic32c/lib/thumb/v6-m/nofp\libpic32c.a(pic32_data_init_copy.o)

.comment        0x00000000       0x2b
 .comment       0x00000000       0x2b c:/program files/microchip/xc32/v4.35/bin/bin/../../lib/gcc/pic32c/8.3.1/thumb/v6-m/nofp/crtbegin.o
                                 0x2c (size before relaxing)
 .comment       0x0000002b       0x2c build/default/debug/_ext/1865468468/plib_nvic.o
 .comment       0x0000002b       0x2c build/default/debug/_ext/829342769/plib_pm.o
 .comment       0x0000002b       0x2c build/default/debug/_ext/1984496892/plib_clock.o
 .comment       0x0000002b       0x2c build/default/debug/_ext/1171490990/initialization.o
 .comment       0x0000002b       0x2c build/default/debug/_ext/1865521619/plib_port.o
 .comment       0x0000002b       0x2c build/default/debug/_ext/60165242/plib_ccl.o
 .comment       0x0000002b       0x2c build/default/debug/_ext/1171490990/exceptions.o
 .comment       0x0000002b       0x2c build/default/debug/_ext/1360937237/main.o
 .comment       0x0000002b       0x2c build/default/debug/_ext/1986646378/plib_evsys.o
 .comment       0x0000002b       0x2c build/default/debug/_ext/1593096446/plib_nvmctrl.o
 .comment       0x0000002b       0x2c build/default/debug/_ext/1171490990/interrupts.o
 .comment       0x0000002b       0x2c build/default/debug/_ext/1171490990/startup_xc32.o
 .comment       0x0000002b       0x2c c:/program files/microchip/xc32/v4.35/bin/bin/../../lib/gcc/pic32c/8.3.1/../../../../pic32c/lib/thumb/v6-m/nofp\libpic32c.a(data_init.o)
 .comment       0x0000002b       0x2c c:/program files/microchip/xc32/v4.35/bin/bin/../../lib/gcc/pic32c/8.3.1/../../../../pic32c/lib/thumb/v6-m/nofp\libg-musl.a(__libc_start_main.o)
 .comment       0x0000002b       0x2c c:/program files/microchip/xc32/v4.35/bin/bin/../../lib/gcc/pic32c/8.3.1/../../../../pic32c/lib/thumb/v6-m/nofp\libg-musl.a(libc.o)
 .comment       0x0000002b       0x2c c:/program files/microchip/xc32/v4.35/bin/bin/../../lib/gcc/pic32c/8.3.1/../../../../pic32c/lib/thumb/v6-m/nofp\libg-musl.a(__environ.o)
 .comment       0x0000002b       0x2c c:/program files/microchip/xc32/v4.35/bin/bin/../../lib/gcc/pic32c/8.3.1/../../../../pic32c/lib/thumb/v6-m/nofp\libpic32c.a(pic32_data_init_clear.o)
 .comment       0x0000002b       0x2c c:/program files/microchip/xc32/v4.35/bin/bin/../../lib/gcc/pic32c/8.3.1/../../../../pic32c/lib/thumb/v6-m/nofp\libpic32c.a(pic32_data_init_copy.o)

.debug_info     0x00000000     0x66af
 .debug_info    0x00000000      0x53d build/default/debug/_ext/1865468468/plib_nvic.o
 .debug_info    0x0000053d      0x60b build/default/debug/_ext/829342769/plib_pm.o
 .debug_info    0x00000b48      0xaa6 build/default/debug/_ext/1984496892/plib_clock.o
 .debug_info    0x000015ee      0x5c0 build/default/debug/_ext/1171490990/initialization.o
 .debug_info    0x00001bae      0xd40 build/default/debug/_ext/1865521619/plib_port.o
 .debug_info    0x000028ee      0x416 build/default/debug/_ext/60165242/plib_ccl.o
 .debug_info    0x00002d04      0x329 build/default/debug/_ext/1171490990/exceptions.o
 .debug_info    0x0000302d      0x575 build/default/debug/_ext/1360937237/main.o
 .debug_info    0x000035a2      0x30e build/default/debug/_ext/1986646378/plib_evsys.o
 .debug_info    0x000038b0      0xb44 build/default/debug/_ext/1593096446/plib_nvmctrl.o
 .debug_info    0x000043f4      0x86c build/default/debug/_ext/1171490990/interrupts.o
 .debug_info    0x00004c60      0x493 build/default/debug/_ext/1171490990/startup_xc32.o
 .debug_info    0x000050f3      0x2b9 c:/program files/microchip/xc32/v4.35/bin/bin/../../lib/gcc/pic32c/8.3.1/../../../../pic32c/lib/thumb/v6-m/nofp\libpic32c.a(data_init.o)
 .debug_info    0x000053ac      0x616 c:/program files/microchip/xc32/v4.35/bin/bin/../../lib/gcc/pic32c/8.3.1/../../../../pic32c/lib/thumb/v6-m/nofp\libg-musl.a(__libc_start_main.o)
 .debug_info    0x000059c2      0x528 c:/program files/microchip/xc32/v4.35/bin/bin/../../lib/gcc/pic32c/8.3.1/../../../../pic32c/lib/thumb/v6-m/nofp\libg-musl.a(libc.o)
 .debug_info    0x00005eea      0x2a2 c:/program files/microchip/xc32/v4.35/bin/bin/../../lib/gcc/pic32c/8.3.1/../../../../pic32c/lib/thumb/v6-m/nofp\libg-musl.a(__environ.o)
 .debug_info    0x0000618c      0x292 c:/program files/microchip/xc32/v4.35/bin/bin/../../lib/gcc/pic32c/8.3.1/../../../../pic32c/lib/thumb/v6-m/nofp\libpic32c.a(pic32_data_init_clear.o)
 .debug_info    0x0000641e      0x291 c:/program files/microchip/xc32/v4.35/bin/bin/../../lib/gcc/pic32c/8.3.1/../../../../pic32c/lib/thumb/v6-m/nofp\libpic32c.a(pic32_data_init_copy.o)

.debug_abbrev   0x00000000      0xe63
 .debug_abbrev  0x00000000      0x107 build/default/debug/_ext/1865468468/plib_nvic.o
 .debug_abbrev  0x00000107       0xfb build/default/debug/_ext/829342769/plib_pm.o
 .debug_abbrev  0x00000202      0x162 build/default/debug/_ext/1984496892/plib_clock.o
 .debug_abbrev  0x00000364       0xe9 build/default/debug/_ext/1171490990/initialization.o
 .debug_abbrev  0x0000044d      0x1d6 build/default/debug/_ext/1865521619/plib_port.o
 .debug_abbrev  0x00000623       0x99 build/default/debug/_ext/60165242/plib_ccl.o
 .debug_abbrev  0x000006bc       0x3e build/default/debug/_ext/1171490990/exceptions.o
 .debug_abbrev  0x000006fa       0xeb build/default/debug/_ext/1360937237/main.o
 .debug_abbrev  0x000007e5       0x3b build/default/debug/_ext/1986646378/plib_evsys.o
 .debug_abbrev  0x00000820      0x1b8 build/default/debug/_ext/1593096446/plib_nvmctrl.o
 .debug_abbrev  0x000009d8       0xb5 build/default/debug/_ext/1171490990/interrupts.o
 .debug_abbrev  0x00000a8d      0x110 build/default/debug/_ext/1171490990/startup_xc32.o
 .debug_abbrev  0x00000b9d       0x44 c:/program files/microchip/xc32/v4.35/bin/bin/../../lib/gcc/pic32c/8.3.1/../../../../pic32c/lib/thumb/v6-m/nofp\libpic32c.a(data_init.o)
 .debug_abbrev  0x00000be1      0x117 c:/program files/microchip/xc32/v4.35/bin/bin/../../lib/gcc/pic32c/8.3.1/../../../../pic32c/lib/thumb/v6-m/nofp\libg-musl.a(__libc_start_main.o)
 .debug_abbrev  0x00000cf8       0xb8 c:/program files/microchip/xc32/v4.35/bin/bin/../../lib/gcc/pic32c/8.3.1/../../../../pic32c/lib/thumb/v6-m/nofp\libg-musl.a(libc.o)
 .debug_abbrev  0x00000db0       0x57 c:/program files/microchip/xc32/v4.35/bin/bin/../../lib/gcc/pic32c/8.3.1/../../../../pic32c/lib/thumb/v6-m/nofp\libg-musl.a(__environ.o)
 .debug_abbrev  0x00000e07       0x2e c:/program files/microchip/xc32/v4.35/bin/bin/../../lib/gcc/pic32c/8.3.1/../../../../pic32c/lib/thumb/v6-m/nofp\libpic32c.a(pic32_data_init_clear.o)
 .debug_abbrev  0x00000e35       0x2e c:/program files/microchip/xc32/v4.35/bin/bin/../../lib/gcc/pic32c/8.3.1/../../../../pic32c/lib/thumb/v6-m/nofp\libpic32c.a(pic32_data_init_copy.o)

.debug_loc      0x00000000      0xa92
 .debug_loc     0x00000000       0x2e build/default/debug/_ext/1865468468/plib_nvic.o
 .debug_loc     0x0000002e       0x63 build/default/debug/_ext/829342769/plib_pm.o
 .debug_loc     0x00000091       0x55 build/default/debug/_ext/1984496892/plib_clock.o
 .debug_loc     0x000000e6       0x45 build/default/debug/_ext/1171490990/initialization.o
 .debug_loc     0x0000012b      0x226 build/default/debug/_ext/1865521619/plib_port.o
 .debug_loc     0x00000351       0x36 build/default/debug/_ext/1360937237/main.o
 .debug_loc     0x00000387      0x665 build/default/debug/_ext/1593096446/plib_nvmctrl.o
 .debug_loc     0x000009ec       0x20 build/default/debug/_ext/1171490990/startup_xc32.o
 .debug_loc     0x00000a0c       0x14 c:/program files/microchip/xc32/v4.35/bin/bin/../../lib/gcc/pic32c/8.3.1/../../../../pic32c/lib/thumb/v6-m/nofp\libpic32c.a(data_init.o)
 .debug_loc     0x00000a20       0x5e c:/program files/microchip/xc32/v4.35/bin/bin/../../lib/gcc/pic32c/8.3.1/../../../../pic32c/lib/thumb/v6-m/nofp\libg-musl.a(__libc_start_main.o)
 .debug_loc     0x00000a7e       0x14 c:/program files/microchip/xc32/v4.35/bin/bin/../../lib/gcc/pic32c/8.3.1/../../../../pic32c/lib/thumb/v6-m/nofp\libpic32c.a(pic32_data_init_copy.o)

.debug_aranges  0x00000000      0x370
 .debug_aranges
                0x00000000       0x38 build/default/debug/_ext/1865468468/plib_nvic.o
 .debug_aranges
                0x00000038       0x58 build/default/debug/_ext/829342769/plib_pm.o
 .debug_aranges
                0x00000090       0x20 build/default/debug/_ext/1984496892/plib_clock.o
 .debug_aranges
                0x000000b0       0x20 build/default/debug/_ext/1171490990/initialization.o
 .debug_aranges
                0x000000d0       0x70 build/default/debug/_ext/1865521619/plib_port.o
 .debug_aranges
                0x00000140       0x20 build/default/debug/_ext/60165242/plib_ccl.o
 .debug_aranges
                0x00000160       0x28 build/default/debug/_ext/1171490990/exceptions.o
 .debug_aranges
                0x00000188       0x20 build/default/debug/_ext/1360937237/main.o
 .debug_aranges
                0x000001a8       0x20 build/default/debug/_ext/1986646378/plib_evsys.o
 .debug_aranges
                0x000001c8       0xa0 build/default/debug/_ext/1593096446/plib_nvmctrl.o
 .debug_aranges
                0x00000268       0x20 build/default/debug/_ext/1171490990/interrupts.o
 .debug_aranges
                0x00000288       0x28 build/default/debug/_ext/1171490990/startup_xc32.o
 .debug_aranges
                0x000002b0       0x28 c:/program files/microchip/xc32/v4.35/bin/bin/../../lib/gcc/pic32c/8.3.1/../../../../pic32c/lib/thumb/v6-m/nofp\libpic32c.a(data_init.o)
 .debug_aranges
                0x000002d8       0x28 c:/program files/microchip/xc32/v4.35/bin/bin/../../lib/gcc/pic32c/8.3.1/../../../../pic32c/lib/thumb/v6-m/nofp\libg-musl.a(__libc_start_main.o)
 .debug_aranges
                0x00000300       0x18 c:/program files/microchip/xc32/v4.35/bin/bin/../../lib/gcc/pic32c/8.3.1/../../../../pic32c/lib/thumb/v6-m/nofp\libg-musl.a(libc.o)
 .debug_aranges
                0x00000318       0x18 c:/program files/microchip/xc32/v4.35/bin/bin/../../lib/gcc/pic32c/8.3.1/../../../../pic32c/lib/thumb/v6-m/nofp\libg-musl.a(__environ.o)
 .debug_aranges
                0x00000330       0x20 c:/program files/microchip/xc32/v4.35/bin/bin/../../lib/gcc/pic32c/8.3.1/../../../../pic32c/lib/thumb/v6-m/nofp\libpic32c.a(pic32_data_init_clear.o)
 .debug_aranges
                0x00000350       0x20 c:/program files/microchip/xc32/v4.35/bin/bin/../../lib/gcc/pic32c/8.3.1/../../../../pic32c/lib/thumb/v6-m/nofp\libpic32c.a(pic32_data_init_copy.o)

.debug_ranges   0x00000000      0x258
 .debug_ranges  0x00000000       0x28 build/default/debug/_ext/1865468468/plib_nvic.o
 .debug_ranges  0x00000028       0x48 build/default/debug/_ext/829342769/plib_pm.o
 .debug_ranges  0x00000070       0x10 build/default/debug/_ext/1984496892/plib_clock.o
 .debug_ranges  0x00000080       0x10 build/default/debug/_ext/1171490990/initialization.o
 .debug_ranges  0x00000090       0x60 build/default/debug/_ext/1865521619/plib_port.o
 .debug_ranges  0x000000f0       0x10 build/default/debug/_ext/60165242/plib_ccl.o
 .debug_ranges  0x00000100       0x18 build/default/debug/_ext/1171490990/exceptions.o
 .debug_ranges  0x00000118       0x10 build/default/debug/_ext/1360937237/main.o
 .debug_ranges  0x00000128       0x10 build/default/debug/_ext/1986646378/plib_evsys.o
 .debug_ranges  0x00000138       0x90 build/default/debug/_ext/1593096446/plib_nvmctrl.o
 .debug_ranges  0x000001c8       0x10 build/default/debug/_ext/1171490990/interrupts.o
 .debug_ranges  0x000001d8       0x18 build/default/debug/_ext/1171490990/startup_xc32.o
 .debug_ranges  0x000001f0       0x18 c:/program files/microchip/xc32/v4.35/bin/bin/../../lib/gcc/pic32c/8.3.1/../../../../pic32c/lib/thumb/v6-m/nofp\libpic32c.a(data_init.o)
 .debug_ranges  0x00000208       0x30 c:/program files/microchip/xc32/v4.35/bin/bin/../../lib/gcc/pic32c/8.3.1/../../../../pic32c/lib/thumb/v6-m/nofp\libg-musl.a(__libc_start_main.o)
 .debug_ranges  0x00000238       0x10 c:/program files/microchip/xc32/v4.35/bin/bin/../../lib/gcc/pic32c/8.3.1/../../../../pic32c/lib/thumb/v6-m/nofp\libpic32c.a(pic32_data_init_clear.o)
 .debug_ranges  0x00000248       0x10 c:/program files/microchip/xc32/v4.35/bin/bin/../../lib/gcc/pic32c/8.3.1/../../../../pic32c/lib/thumb/v6-m/nofp\libpic32c.a(pic32_data_init_copy.o)

.debug_line     0x00000000     0x1ad3
 .debug_line    0x00000000      0x217 build/default/debug/_ext/1865468468/plib_nvic.o
 .debug_line    0x00000217      0x291 build/default/debug/_ext/829342769/plib_pm.o
 .debug_line    0x000004a8      0x1f9 build/default/debug/_ext/1984496892/plib_clock.o
 .debug_line    0x000006a1      0x26c build/default/debug/_ext/1171490990/initialization.o
 .debug_line    0x0000090d      0x28a build/default/debug/_ext/1865521619/plib_port.o
 .debug_line    0x00000b97      0x12a build/default/debug/_ext/60165242/plib_ccl.o
 .debug_line    0x00000cc1       0x70 build/default/debug/_ext/1171490990/exceptions.o
 .debug_line    0x00000d31       0xf4 build/default/debug/_ext/1360937237/main.o
 .debug_line    0x00000e25       0x66 build/default/debug/_ext/1986646378/plib_evsys.o
 .debug_line    0x00000e8b      0x44e build/default/debug/_ext/1593096446/plib_nvmctrl.o
 .debug_line    0x000012d9       0xba build/default/debug/_ext/1171490990/interrupts.o
 .debug_line    0x00001393      0x158 build/default/debug/_ext/1171490990/startup_xc32.o
 .debug_line    0x000014eb       0xe8 c:/program files/microchip/xc32/v4.35/bin/bin/../../lib/gcc/pic32c/8.3.1/../../../../pic32c/lib/thumb/v6-m/nofp\libpic32c.a(data_init.o)
 .debug_line    0x000015d3      0x1c2 c:/program files/microchip/xc32/v4.35/bin/bin/../../lib/gcc/pic32c/8.3.1/../../../../pic32c/lib/thumb/v6-m/nofp\libg-musl.a(__libc_start_main.o)
 .debug_line    0x00001795       0xb8 c:/program files/microchip/xc32/v4.35/bin/bin/../../lib/gcc/pic32c/8.3.1/../../../../pic32c/lib/thumb/v6-m/nofp\libg-musl.a(libc.o)
 .debug_line    0x0000184d      0x101 c:/program files/microchip/xc32/v4.35/bin/bin/../../lib/gcc/pic32c/8.3.1/../../../../pic32c/lib/thumb/v6-m/nofp\libg-musl.a(__environ.o)
 .debug_line    0x0000194e       0xb6 c:/program files/microchip/xc32/v4.35/bin/bin/../../lib/gcc/pic32c/8.3.1/../../../../pic32c/lib/thumb/v6-m/nofp\libpic32c.a(pic32_data_init_clear.o)
 .debug_line    0x00001a04       0xcf c:/program files/microchip/xc32/v4.35/bin/bin/../../lib/gcc/pic32c/8.3.1/../../../../pic32c/lib/thumb/v6-m/nofp\libpic32c.a(pic32_data_init_copy.o)

.debug_str      0x00000000       0xef
 .debug_str     0x00000000        0x0 build/default/debug/_ext/1865468468/plib_nvic.o
 .debug_str     0x00000000        0x0 build/default/debug/_ext/829342769/plib_pm.o
 .debug_str     0x00000000       0x1e build/default/debug/_ext/1984496892/plib_clock.o
 .debug_str     0x0000001e       0x72 build/default/debug/_ext/1171490990/initialization.o
 .debug_str     0x00000090        0xb build/default/debug/_ext/1865521619/plib_port.o
 .debug_str     0x0000009b        0x0 build/default/debug/_ext/60165242/plib_ccl.o
 .debug_str     0x0000009b        0x0 build/default/debug/_ext/1171490990/exceptions.o
 .debug_str     0x0000009b        0xf build/default/debug/_ext/1360937237/main.o
 .debug_str     0x000000aa        0x0 build/default/debug/_ext/1986646378/plib_evsys.o
 .debug_str     0x000000aa       0x16 build/default/debug/_ext/1593096446/plib_nvmctrl.o
 .debug_str     0x000000c0        0x0 build/default/debug/_ext/1171490990/interrupts.o
 .debug_str     0x000000c0       0x2f build/default/debug/_ext/1171490990/startup_xc32.o
 .debug_str     0x000000ef        0x0 c:/program files/microchip/xc32/v4.35/bin/bin/../../lib/gcc/pic32c/8.3.1/../../../../pic32c/lib/thumb/v6-m/nofp\libpic32c.a(data_init.o)
 .debug_str     0x000000ef        0x0 c:/program files/microchip/xc32/v4.35/bin/bin/../../lib/gcc/pic32c/8.3.1/../../../../pic32c/lib/thumb/v6-m/nofp\libg-musl.a(__libc_start_main.o)
 .debug_str     0x000000ef        0x0 c:/program files/microchip/xc32/v4.35/bin/bin/../../lib/gcc/pic32c/8.3.1/../../../../pic32c/lib/thumb/v6-m/nofp\libg-musl.a(libc.o)
 .debug_str     0x000000ef        0x0 c:/program files/microchip/xc32/v4.35/bin/bin/../../lib/gcc/pic32c/8.3.1/../../../../pic32c/lib/thumb/v6-m/nofp\libg-musl.a(__environ.o)
 .debug_str     0x000000ef        0x0 c:/program files/microchip/xc32/v4.35/bin/bin/../../lib/gcc/pic32c/8.3.1/../../../../pic32c/lib/thumb/v6-m/nofp\libpic32c.a(pic32_data_init_clear.o)
 .debug_str     0x000000ef        0x0 c:/program files/microchip/xc32/v4.35/bin/bin/../../lib/gcc/pic32c/8.3.1/../../../../pic32c/lib/thumb/v6-m/nofp\libpic32c.a(pic32_data_init_copy.o)

.debug_frame    0x00000000      0x4e4
 .debug_frame   0x00000000       0x50 build/default/debug/_ext/1865468468/plib_nvic.o
 .debug_frame   0x00000050       0x90 build/default/debug/_ext/829342769/plib_pm.o
 .debug_frame   0x000000e0       0x20 build/default/debug/_ext/1984496892/plib_clock.o
 .debug_frame   0x00000100       0x28 build/default/debug/_ext/1171490990/initialization.o
 .debug_frame   0x00000128       0xcc build/default/debug/_ext/1865521619/plib_port.o
 .debug_frame   0x000001f4       0x20 build/default/debug/_ext/60165242/plib_ccl.o
 .debug_frame   0x00000214       0x30 build/default/debug/_ext/1171490990/exceptions.o
 .debug_frame   0x00000244       0x28 build/default/debug/_ext/1360937237/main.o
 .debug_frame   0x0000026c       0x20 build/default/debug/_ext/1986646378/plib_evsys.o
 .debug_frame   0x0000028c      0x148 build/default/debug/_ext/1593096446/plib_nvmctrl.o
 .debug_frame   0x000003d4       0x20 build/default/debug/_ext/1171490990/interrupts.o
 .debug_frame   0x000003f4       0x38 build/default/debug/_ext/1171490990/startup_xc32.o
 .debug_frame   0x0000042c       0x38 c:/program files/microchip/xc32/v4.35/bin/bin/../../lib/gcc/pic32c/8.3.1/../../../../pic32c/lib/thumb/v6-m/nofp\libpic32c.a(data_init.o)
 .debug_frame   0x00000464       0x38 c:/program files/microchip/xc32/v4.35/bin/bin/../../lib/gcc/pic32c/8.3.1/../../../../pic32c/lib/thumb/v6-m/nofp\libg-musl.a(__libc_start_main.o)
 .debug_frame   0x0000049c       0x20 c:/program files/microchip/xc32/v4.35/bin/bin/../../lib/gcc/pic32c/8.3.1/../../../../pic32c/lib/thumb/v6-m/nofp\libpic32c.a(pic32_data_init_clear.o)
 .debug_frame   0x000004bc       0x28 c:/program files/microchip/xc32/v4.35/bin/bin/../../lib/gcc/pic32c/8.3.1/../../../../pic32c/lib/thumb/v6-m/nofp\libpic32c.a(pic32_data_init_copy.o)

.note.GNU-stack
                0x00000000        0x0
 .note.GNU-stack
                0x00000000        0x0 c:/program files/microchip/xc32/v4.35/bin/bin/../../lib/gcc/pic32c/8.3.1/../../../../pic32c/lib/thumb/v6-m/nofp\libg-musl.a(__libc_start_main.o)
 .note.GNU-stack
                0x00000000        0x0 c:/program files/microchip/xc32/v4.35/bin/bin/../../lib/gcc/pic32c/8.3.1/../../../../pic32c/lib/thumb/v6-m/nofp\libg-musl.a(libc.o)
 .note.GNU-stack
                0x00000000        0x0 c:/program files/microchip/xc32/v4.35/bin/bin/../../lib/gcc/pic32c/8.3.1/../../../../pic32c/lib/thumb/v6-m/nofp\libg-musl.a(__environ.o)

.stack          0x20000290      0x100
 .stack         0x20000290      0x100 stack

.bss%1          0x20000000       0x50
 .bss           0x20000000       0x50 c:/program files/microchip/xc32/v4.35/bin/bin/../../lib/gcc/pic32c/8.3.1/../../../../pic32c/lib/thumb/v6-m/nofp\libg-musl.a(libc.o)
                0x20000000                __progname_full
                0x20000000                program_invocation_name
                0x20000004                program_invocation_short_name
                0x20000004                __progname
                0x20000008                __sysinfo
                0x2000000c                __hwcap
                0x20000010                __libc

.bss%2          0x20000050       0x1c
 .bss           0x20000050       0x1c c:/program files/microchip/xc32/v4.35/bin/bin/../../lib/gcc/pic32c/8.3.1/thumb/v6-m/nofp/crtbegin.o

.bss%3          0x2000006c        0x4
 .bss           0x2000006c        0x4 c:/program files/microchip/xc32/v4.35/bin/bin/../../lib/gcc/pic32c/8.3.1/../../../../pic32c/lib/thumb/v6-m/nofp\libpic32c.a(data_init.o)

.bss%4          0x20000070        0x4
 .bss           0x20000070        0x4 c:/program files/microchip/xc32/v4.35/bin/bin/../../lib/gcc/pic32c/8.3.1/../../../../pic32c/lib/thumb/v6-m/nofp\libg-musl.a(__environ.o)
                0x20000070                __environ
                0x20000070                environ
                0x20000070                ___environ
                0x20000070                _environ

.eh_frame%z1    0x00000000        0x0
 .eh_frame      0x00000000        0x0 c:/program files/microchip/xc32/v4.35/bin/bin/../../lib/gcc/pic32c/8.3.1/thumb/v6-m/nofp/crtbegin.o

.config_00804000.__config_00804000%5
                0x00804000        0x4
 .config_00804000.__config_00804000
                0x00804000        0x4 build/default/debug/_ext/1171490990/initialization.o
                0x00804000                __config_00804000

.config_00804004.__config_00804004%6
                0x00804004        0x4
 .config_00804004.__config_00804004
                0x00804004        0x4 build/default/debug/_ext/1171490990/initialization.o
                0x00804004                __config_00804004

.text.CLOCK_Initialize%7
                0x000000d0       0x94
 .text.CLOCK_Initialize
                0x000000d0       0x94 build/default/debug/_ext/1984496892/plib_clock.o
                0x000000d0                CLOCK_Initialize

.text.__libc_start_init%8
                0x00000164       0x5c
 .text.__libc_start_init
                0x00000164       0x5c c:/program files/microchip/xc32/v4.35/bin/bin/../../lib/gcc/pic32c/8.3.1/../../../../pic32c/lib/thumb/v6-m/nofp\libg-musl.a(__libc_start_main.o)
                0x00000164                __libc_init_array

.text.__pic32c_data_initialization%9
                0x000001c0       0x4c
 .text.__pic32c_data_initialization
                0x000001c0       0x4c c:/program files/microchip/xc32/v4.35/bin/bin/../../lib/gcc/pic32c/8.3.1/../../../../pic32c/lib/thumb/v6-m/nofp\libpic32c.a(data_init.o)
                0x000001c0                __pic32c_data_initialization

.text%10        0x0000020c       0x48
 .text          0x0000020c       0x48 c:/program files/microchip/xc32/v4.35/bin/bin/../../lib/gcc/pic32c/8.3.1/thumb/v6-m/nofp/crtbegin.o

.text.Reset_Handler%11
                0x00000254       0x48
 .text.Reset_Handler
                0x00000254       0x48 build/default/debug/_ext/1171490990/startup_xc32.o
                0x00000254                Reset_Handler

.dinit%12       0x0000029c       0x30
 .dinit         0x0000029c       0x30 data_init

.text.PM_Initialize%13
                0x000002cc       0x2e
 .text.PM_Initialize
                0x000002cc       0x2e build/default/debug/_ext/829342769/plib_pm.o
                0x000002cc                PM_Initialize

.text.SYS_Initialize%14
                0x000002fc       0x2c
 .text.SYS_Initialize
                0x000002fc       0x2c build/default/debug/_ext/1171490990/initialization.o
                0x000002fc                SYS_Initialize

.text.CCL_Initialize%15
                0x00000328       0x24
 .text.CCL_Initialize
                0x00000328       0x24 build/default/debug/_ext/60165242/plib_ccl.o
                0x00000328                CCL_Initialize

.text.__dinit_copy%16
                0x0000034c       0x1e
 .text.__dinit_copy
                0x0000034c       0x1e c:/program files/microchip/xc32/v4.35/bin/bin/../../lib/gcc/pic32c/8.3.1/../../../../pic32c/lib/thumb/v6-m/nofp\libpic32c.a(pic32_data_init_copy.o)
                0x0000034c                __dinit_copy_needed
                0x0000034c                __dinit_copy

.text.PORT_Initialize%17
                0x0000036c       0x1c
 .text.PORT_Initialize
                0x0000036c       0x1c build/default/debug/_ext/1865521619/plib_port.o
                0x0000036c                PORT_Initialize

.text.main%18   0x00000388       0x18
 .text.main     0x00000388       0x18 build/default/debug/_ext/1360937237/main.o
                0x00000388                main

.rodata%19      0x000003a0       0x14
 .rodata        0x000003a0       0x14 c:/program files/microchip/xc32/v4.35/bin/bin/../../lib/gcc/pic32c/8.3.1/../../../../pic32c/lib/thumb/v6-m/nofp\libpic32c.a(data_init.o)

.text.__dinit_clear%20
                0x000003b4       0x12
 .text.__dinit_clear
                0x000003b4       0x12 c:/program files/microchip/xc32/v4.35/bin/bin/../../lib/gcc/pic32c/8.3.1/../../../../pic32c/lib/thumb/v6-m/nofp\libpic32c.a(pic32_data_init_clear.o)
                0x000003b4                __dinit_clear
                0x000003b4                __dinit_clear_needed

.text.NVMCTRL_Initialize%21
                0x000003c8        0xc
 .text.NVMCTRL_Initialize
                0x000003c8        0xc build/default/debug/_ext/1593096446/plib_nvmctrl.o
                0x000003c8                NVMCTRL_Initialize

.text.NVIC_Initialize%22
                0x000003d4        0x8
 .text.NVIC_Initialize
                0x000003d4        0x8 build/default/debug/_ext/1865468468/plib_nvic.o
                0x000003d4                NVIC_Initialize

.text.NonMaskableInt_Handler%23
                0x000003dc        0x4
 .text.NonMaskableInt_Handler
                0x000003dc        0x4 build/default/debug/_ext/1171490990/exceptions.o
                0x000003dc                NonMaskableInt_Handler

.text.HardFault_Handler%24
                0x000003e0        0x4
 .text.HardFault_Handler
                0x000003e0        0x4 build/default/debug/_ext/1171490990/exceptions.o
                0x000003e0                HardFault_Handler

.text.__dummy_decompress%25
                0x000003e4        0x4
 .text.__dummy_decompress
                0x000003e4        0x4 c:/program files/microchip/xc32/v4.35/bin/bin/../../lib/gcc/pic32c/8.3.1/../../../../pic32c/lib/thumb/v6-m/nofp\libpic32c.a(data_init.o)
                0x000003e4                __dinit_decompress
                0x000003e4                __dinit_copy_val_data
                0x000003e4                __dinit_copy_emb

.text.EVSYS_Initialize%26
                0x000002fa        0x2
 .text.EVSYS_Initialize
                0x000002fa        0x2 build/default/debug/_ext/1986646378/plib_evsys.o
                0x000002fa                EVSYS_Initialize

.text.Dummy_Handler%27
                0x0000036a        0x2
 .text.Dummy_Handler
                0x0000036a        0x2 build/default/debug/_ext/1171490990/interrupts.o
                0x0000036a                SVCall_Handler
                0x0000036a                DMAC_Handler
                0x0000036a                TRNG_Handler
                0x0000036a                TC2_Handler
                0x0000036a                AC_Handler
                0x0000036a                SysTick_Handler
                0x0000036a                PendSV_Handler
                0x0000036a                SERCOM1_Handler
                0x0000036a                ADC_Handler
                0x0000036a                TCC1_Handler
                0x0000036a                SERCOM2_Handler
                0x0000036a                TCC0_Handler
                0x0000036a                RTC_Handler
                0x0000036a                EIC_Handler
                0x0000036a                WDT_Handler
                0x0000036a                TC4_Handler
                0x0000036a                TC1_Handler
                0x0000036a                USB_Handler
                0x0000036a                TC3_Handler
                0x0000036a                Dummy_Handler
                0x0000036a                SERCOM5_Handler
                0x0000036a                TCC2_Handler
                0x0000036a                EVSYS_Handler
                0x0000036a                SERCOM3_Handler
                0x0000036a                SERCOM4_Handler
                0x0000036a                NVMCTRL_Handler
                0x0000036a                SYSTEM_Handler
                0x0000036a                SERCOM0_Handler
                0x0000036a                DAC_Handler
                0x0000036a                PTC_Handler
                0x0000036a                TC0_Handler
                0x0000036a                AES_Handler

.text.Dummy_App_Func%28
                0x000003c6        0x2
 .text.Dummy_App_Func
                0x000003c6        0x2 build/default/debug/_ext/1171490990/startup_xc32.o
                0x000003c6                _on_reset
                0x000003c6                _on_bootstrap
                0x000003c6                __xc32_on_reset
                0x000003c6                Dummy_App_Func
                0x000003c6                __xc32_on_bootstrap

.text.__dummy%29
                0x000003e8        0x2
 .text.__dummy  0x000003e8        0x2 c:/program files/microchip/xc32/v4.35/bin/bin/../../lib/gcc/pic32c/8.3.1/../../../../pic32c/lib/thumb/v6-m/nofp\libg-musl.a(__libc_start_main.o)
                0x000003e8                __init_stdio
                0x000003e8                __init_host
